[codervent.com/etrans/demo/index.html]
[codervent.com/etrans/demo/assets/images/favicon-32x32.png]
[codervent.com/etrans/demo/assets/plugins/OwlCarousel/css/owl.carousel.min.css]
[codervent.com/etrans/demo/assets/plugins/simplebar/css/simplebar.css]
[codervent.com/etrans/demo/assets/plugins/perfect-scrollbar/css/perfect-scrollbar.css]
[codervent.com/etrans/demo/assets/plugins/metismenu/css/metisMenu.min.css]
[codervent.com/etrans/demo/assets/css/pace.min.css]
[codervent.com/etrans/demo/assets/js/pace.min.js]
[codervent.com/etrans/demo/assets/css/bootstrap.min.css]
[codervent.com/etrans/demo/assets/css/app.css]
[backblue.gif]
[fade.gif]
[index.html]
[codervent.com/etrans/demo/assets/css/icons.css]
[codervent.com/etrans/demo/order-tracking.html]
[codervent.com/etrans/demo/about-us.html]
[codervent.com/etrans/demo/shop-categories.html]
[codervent.com/etrans/demo/blog.html]
[codervent.com/etrans/demo/contact-us.html]
[codervent.com/etrans/demo/assets/images/logo-icon.png]
[codervent.com/etrans/demo/account-dashboard.html]
[codervent.com/etrans/demo/wishlist.html]
[codervent.com/etrans/demo/assets/images/products/01.png]
[codervent.com/etrans/demo/assets/images/products/05.png]
[codervent.com/etrans/demo/assets/images/products/17.png]
[codervent.com/etrans/demo/assets/images/products/10.png]
[codervent.com/etrans/demo/assets/images/products/08.png]
[codervent.com/etrans/demo/assets/images/products/18.png]
[codervent.com/etrans/demo/assets/images/products/04.png]
[codervent.com/etrans/demo/assets/images/products/16.png]
[codervent.com/etrans/demo/assets/images/gallery/menu-img.jpg]
[codervent.com/etrans/demo/shop-grid-left-sidebar.html]
[codervent.com/etrans/demo/shop-grid-right-sidebar.html]
[codervent.com/etrans/demo/shop-list-left-sidebar.html]
[codervent.com/etrans/demo/shop-list-right-sidebar.html]
[codervent.com/etrans/demo/shop-grid-filter-on-top.html]
[codervent.com/etrans/demo/shop-list-filter-on-top.html]
[codervent.com/etrans/demo/shop-cart.html]
[codervent.com/etrans/demo/checkout-details.html]
[codervent.com/etrans/demo/checkout-shipping.html]
[codervent.com/etrans/demo/checkout-payment.html]
[codervent.com/etrans/demo/checkout-review.html]
[codervent.com/etrans/demo/checkout-complete.html]
[codervent.com/etrans/demo/product-comparison.html]
[codervent.com/etrans/demo/authentication-signin.html]
[codervent.com/etrans/demo/authentication-signup.html]
[codervent.com/etrans/demo/authentication-forgot-password.html]
[codervent.com/etrans/demo/account-downloads.html]
[codervent.com/etrans/demo/account-orders.html]
[codervent.com/etrans/demo/account-payment-methods.html]
[codervent.com/etrans/demo/account-user-details.html]
[codervent.com/etrans/demo/assets/images/slider/04.png]
[codervent.com/etrans/demo/assets/images/slider/05.png]
[codervent.com/etrans/demo/assets/images/slider/03.png]
[codervent.com/etrans/demo/assets/images/promo/01.png]
[codervent.com/etrans/demo/assets/images/promo/02.png]
[codervent.com/etrans/demo/assets/images/promo/03.png]
[codervent.com/etrans/demo/product-details.html]
[codervent.com/etrans/demo/assets/images/products/02.png]
[codervent.com/etrans/demo/assets/images/products/03.png]
[codervent.com/etrans/demo/assets/images/products/06.png]
[codervent.com/etrans/demo/assets/images/products/07.png]
[codervent.com/etrans/demo/assets/images/products/09.png]
[codervent.com/etrans/demo/assets/images/products/11.png]
[codervent.com/etrans/demo/assets/images/products/12.png]
[codervent.com/etrans/demo/assets/images/products/13.png]
[codervent.com/etrans/demo/assets/images/products/14.png]
[codervent.com/etrans/demo/assets/images/products/15.png]
[codervent.com/etrans/demo/assets/images/products/19.png]
[codervent.com/etrans/demo/assets/images/products/20.png]
[codervent.com/etrans/demo/assets/images/promo/04.png]
[codervent.com/etrans/demo/assets/images/promo/08.png]
[codervent.com/etrans/demo/assets/images/promo/06.png]
[codervent.com/etrans/demo/assets/images/promo/07.png]
[codervent.com/etrans/demo/assets/images/categories/01.png]
[codervent.com/etrans/demo/assets/images/categories/02.png]
[codervent.com/etrans/demo/assets/images/categories/03.png]
[codervent.com/etrans/demo/assets/images/categories/04.png]
[codervent.com/etrans/demo/assets/images/categories/05.png]
[codervent.com/etrans/demo/assets/images/categories/06.png]
[codervent.com/etrans/demo/assets/images/categories/07.png]
[codervent.com/etrans/demo/assets/images/categories/08.png]
[codervent.com/etrans/demo/assets/images/categories/09.png]
[codervent.com/etrans/demo/assets/images/categories/10.png]
[codervent.com/etrans/demo/assets/images/categories/11.png]
[codervent.com/etrans/demo/assets/images/categories/12.png]
[codervent.com/etrans/demo/assets/images/blogs/01.png]
[codervent.com/etrans/demo/assets/images/blogs/02.png]
[codervent.com/etrans/demo/assets/images/blogs/03.png]
[codervent.com/etrans/demo/assets/images/blogs/04.png]
[codervent.com/etrans/demo/assets/images/blogs/05.png]
[codervent.com/etrans/demo/assets/images/blogs/06.png]
[codervent.com/etrans/demo/assets/images/brands/01.png]
[codervent.com/etrans/demo/assets/images/brands/02.png]
[codervent.com/etrans/demo/assets/images/brands/03.png]
[codervent.com/etrans/demo/assets/images/brands/04.png]
[codervent.com/etrans/demo/assets/images/brands/05.png]
[codervent.com/etrans/demo/assets/images/brands/06.png]
[codervent.com/etrans/demo/assets/images/brands/07.png]
[codervent.com/etrans/demo/assets/images/icons/apple-store.png]
[codervent.com/etrans/demo/assets/images/icons/play-store.png]
[codervent.com/etrans/demo/assets/images/icons/visa.png]
[codervent.com/etrans/demo/assets/images/icons/paypal.png]
[codervent.com/etrans/demo/assets/images/icons/mastercard.png]
[codervent.com/etrans/demo/assets/images/icons/american-express.png]
[codervent.com/etrans/demo/assets/images/product-gallery/01.png]
[codervent.com/etrans/demo/assets/images/product-gallery/02.png]
[codervent.com/etrans/demo/assets/images/product-gallery/03.png]
[codervent.com/etrans/demo/assets/images/product-gallery/04.png]
[codervent.com/etrans/demo/assets/js/bootstrap.bundle.min.js]
[codervent.com/etrans/demo/assets/js/jquery.min.js]
[codervent.com/etrans/demo/assets/plugins/simplebar/js/simplebar.min.js]
[codervent.com/etrans/demo/assets/plugins/OwlCarousel/js/owl.carousel.min.js]
[codervent.com/etrans/demo/assets/plugins/OwlCarousel/js/owl.carousel2.thumbs.min.js]
[codervent.com/etrans/demo/assets/plugins/metismenu/js/metisMenu.min.js]
[codervent.com/etrans/demo/assets/plugins/perfect-scrollbar/js/perfect-scrollbar.js]
[codervent.com/etrans/demo/assets/js/app.js]
[codervent.com/etrans/demo/assets/js/index.js]
[codervent.com/etrans/demo/index.html]
[codervent.com/etrans/demo/assets/plugins/OwlCarousel/css/owl.carousel.min.css]
[codervent.com/etrans/demo/assets/plugins/simplebar/css/simplebar.css]
[codervent.com/etrans/demo/assets/plugins/perfect-scrollbar/css/perfect-scrollbar.css]
[codervent.com/etrans/demo/assets/plugins/metismenu/css/metisMenu.min.css]
[codervent.com/etrans/demo/assets/css/pace.min.css]
[codervent.com/etrans/demo/assets/css/bootstrap.min.css]
[codervent.com/etrans/demo/assets/images/login-images/bg-login-img.jpg]
[codervent.com/etrans/demo/assets/images/login-images/bg-forgot-password.jpg]
[codervent.com/etrans/demo/assets/images/login-images/bg-lock-screen.jpg]
[codervent.com/etrans/demo/assets/images/bg-themes/1.png]
[codervent.com/etrans/demo/assets/images/bg-themes/2.png]
[codervent.com/etrans/demo/assets/images/bg-themes/3.png]
[codervent.com/etrans/demo/assets/images/bg-themes/4.png]
[codervent.com/etrans/demo/assets/images/bg-themes/5.png]
[codervent.com/etrans/demo/assets/images/bg-themes/6.png]
[codervent.com/etrans/demo/assets/css/app.css]
[codervent.com/etrans/demo/assets/fonts/boxicons.eot]
[codervent.com/etrans/demo/assets/fonts/boxicons.woff2]
[codervent.com/etrans/demo/assets/fonts/boxicons.woff]
[codervent.com/etrans/demo/assets/fonts/boxicons.ttf]
[codervent.com/etrans/demo/assets/fonts/LineIcons.eot]
[codervent.com/etrans/demo/assets/fonts/LineIcons.woff2]
[codervent.com/etrans/demo/assets/fonts/LineIcons.woff]
[codervent.com/etrans/demo/assets/fonts/LineIcons.ttf]
[codervent.com/etrans/demo/assets/css/icons.css]
[codervent.com/etrans/demo/assets/plugins/nouislider/nouislider.min.css]
[codervent.com/etrans/demo/order-tracking.html]
[codervent.com/etrans/demo/assets/images/icons/delivery.png]
[codervent.com/etrans/demo/assets/images/icons/money-bag.png]
[codervent.com/etrans/demo/assets/images/icons/support.png]
[codervent.com/etrans/demo/assets/images/brands/08.png]
[codervent.com/etrans/demo/assets/images/brands/09.png]
[codervent.com/etrans/demo/assets/images/brands/10.png]
[codervent.com/etrans/demo/assets/images/brands/11.png]
[codervent.com/etrans/demo/assets/images/brands/12.png]
[codervent.com/etrans/demo/assets/images/brands/13.png]
[codervent.com/etrans/demo/assets/images/brands/14.png]
[codervent.com/etrans/demo/assets/images/brands/15.png]
[codervent.com/etrans/demo/about-us.html]
[codervent.com/etrans/demo/assets/images/shop-categories/01.png]
[codervent.com/etrans/demo/assets/images/shop-categories/02.png]
[codervent.com/etrans/demo/assets/images/shop-categories/03.png]
[codervent.com/etrans/demo/assets/images/shop-categories/04.png]
[codervent.com/etrans/demo/assets/images/shop-categories/05.png]
[codervent.com/etrans/demo/assets/images/shop-categories/06.png]
[codervent.com/etrans/demo/assets/images/shop-categories/07.png]
[codervent.com/etrans/demo/shop-categories.html]
[codervent.com/etrans/demo/assets/images/shop-categories/08.png]
[codervent.com/etrans/demo/assets/images/posts/01.png]
[codervent.com/etrans/demo/single.html]
[codervent.com/etrans/demo/assets/images/posts/02.png]
[codervent.com/etrans/demo/assets/images/posts/03.png]
[codervent.com/etrans/demo/assets/images/gallery/05.png]
[codervent.com/etrans/demo/assets/images/gallery/07.png]
[codervent.com/etrans/demo/assets/images/gallery/16.png]
[codervent.com/etrans/demo/assets/images/gallery/01.png]
[codervent.com/etrans/demo/blog.html]
[codervent.com/etrans/demo/contact-us.html]
[codervent.com/etrans/demo/account-addresses.html]
[codervent.com/etrans/demo/account-dashboard.html]
[codervent.com/etrans/demo/wishlist.html]
[codervent.com/etrans/demo/assets/plugins/nouislider/nouislider.min.js]
[codervent.com/etrans/demo/assets/js/price-slider.js]
[codervent.com/etrans/demo/assets/js/product-gallery.js]
[codervent.com/etrans/demo/shop-grid-left-sidebar.html]
[codervent.com/etrans/demo/shop-grid-right-sidebar.html]
[codervent.com/etrans/demo/shop-list-left-sidebar.html]
[codervent.com/etrans/demo/shop-list-right-sidebar.html]
[codervent.com/etrans/demo/shop-grid-filter-on-top.html]
[codervent.com/etrans/demo/assets/images/products/21.png]
[codervent.com/etrans/demo/shop-list-filter-on-top.html]
[codervent.com/etrans/demo/shop-cart.html]
[codervent.com/etrans/demo/assets/images/avatars/avatar-1.png]
[codervent.com/etrans/demo/checkout-details.html]
[codervent.com/etrans/demo/checkout-shipping.html]
[codervent.com/etrans/demo/checkout-payment.html]
[codervent.com/etrans/demo/checkout-review.html]
[codervent.com/etrans/demo/checkout-complete.html]
[codervent.com/etrans/demo/assets/images/products/22.png]
[codervent.com/etrans/demo/assets/images/products/23.png]
[codervent.com/etrans/demo/product-comparison.html]
[codervent.com/etrans/demo/assets/js/show-hide-password.js]
[codervent.com/etrans/demo/authentication-signin.html]
[codervent.com/etrans/demo/authentication-signup.html]
[codervent.com/etrans/demo/assets/images/icons/forgot-2.png]
[codervent.com/etrans/demo/authentication-forgot-password.html]
[codervent.com/etrans/demo/account-downloads.html]
[codervent.com/etrans/demo/account-orders.html]
[codervent.com/etrans/demo/account-payment-methods.html]
[codervent.com/etrans/demo/account-user-details.html]
[codervent.com/etrans/demo/assets/images/avatars/avatar-2.png]
[codervent.com/etrans/demo/assets/images/avatars/avatar-3.png]
[codervent.com/etrans/demo/assets/images/similar-products/01.png]
[codervent.com/etrans/demo/assets/images/similar-products/02.png]
[codervent.com/etrans/demo/assets/images/similar-products/03.png]
[codervent.com/etrans/demo/assets/images/similar-products/04.png]
[codervent.com/etrans/demo/assets/images/similar-products/05.png]
[codervent.com/etrans/demo/assets/images/similar-products/06.png]
[codervent.com/etrans/demo/assets/images/similar-products/07.png]
[codervent.com/etrans/demo/assets/js/product-details.js]
[codervent.com/etrans/demo/product-details.html]
[codervent.com/etrans/demo/jproduct-details.html]
[codervent.com/etrans/demo/assets/plugins/OwlCarousel/css/owl.video.play.html]
[codervent.com/etrans/demo/assets/fonts/boxiconsd41d.svg]
[codervent.com/etrans/demo/assets/fonts/LineIcons.svg]
[codervent.com/etrans/demo/assets/flags/4x3/ad.svg]
[codervent.com/etrans/demo/assets/flags/1x1/ad.svg]
[codervent.com/etrans/demo/assets/flags/4x3/ae.svg]
[codervent.com/etrans/demo/assets/flags/1x1/ae.svg]
[codervent.com/etrans/demo/assets/flags/4x3/af.svg]
[codervent.com/etrans/demo/assets/flags/1x1/af.svg]
[codervent.com/etrans/demo/assets/flags/4x3/ag.svg]
[codervent.com/etrans/demo/assets/flags/1x1/ag.svg]
[codervent.com/etrans/demo/assets/flags/4x3/ai.svg]
[codervent.com/etrans/demo/assets/flags/1x1/ai.svg]
[codervent.com/etrans/demo/assets/flags/4x3/al.svg]
[codervent.com/etrans/demo/assets/flags/1x1/al.svg]
[codervent.com/etrans/demo/assets/flags/4x3/am.svg]
[codervent.com/etrans/demo/assets/flags/1x1/am.svg]
[codervent.com/etrans/demo/assets/flags/4x3/ao.svg]
[codervent.com/etrans/demo/assets/flags/1x1/ao.svg]
[codervent.com/etrans/demo/assets/flags/4x3/aq.svg]
[codervent.com/etrans/demo/assets/flags/1x1/aq.svg]
[codervent.com/etrans/demo/assets/flags/4x3/ar.svg]
[codervent.com/etrans/demo/assets/flags/1x1/ar.svg]
[codervent.com/etrans/demo/assets/flags/4x3/as.svg]
[codervent.com/etrans/demo/assets/flags/1x1/as.svg]
[codervent.com/etrans/demo/assets/flags/4x3/at.svg]
[codervent.com/etrans/demo/assets/flags/1x1/at.svg]
[codervent.com/etrans/demo/assets/flags/4x3/au.svg]
[codervent.com/etrans/demo/assets/flags/1x1/au.svg]
[codervent.com/etrans/demo/assets/flags/4x3/aw.svg]
[codervent.com/etrans/demo/assets/flags/1x1/aw.svg]
[codervent.com/etrans/demo/assets/flags/4x3/ax.svg]
[codervent.com/etrans/demo/assets/flags/1x1/ax.svg]
[codervent.com/etrans/demo/assets/flags/4x3/az.svg]
[codervent.com/etrans/demo/assets/flags/1x1/az.svg]
[codervent.com/etrans/demo/assets/flags/4x3/ba.svg]
[codervent.com/etrans/demo/assets/flags/1x1/ba.svg]
[codervent.com/etrans/demo/assets/flags/4x3/bb.svg]
[codervent.com/etrans/demo/assets/flags/1x1/bb.svg]
[codervent.com/etrans/demo/assets/flags/4x3/bd.svg]
[codervent.com/etrans/demo/assets/flags/1x1/bd.svg]
[codervent.com/etrans/demo/assets/flags/4x3/be.svg]
[codervent.com/etrans/demo/assets/flags/1x1/be.svg]
[codervent.com/etrans/demo/assets/flags/4x3/bf.svg]
[codervent.com/etrans/demo/assets/flags/1x1/bf.svg]
[codervent.com/etrans/demo/assets/flags/4x3/bg.svg]
[codervent.com/etrans/demo/assets/flags/1x1/bg.svg]
[codervent.com/etrans/demo/assets/flags/4x3/bh.svg]
[codervent.com/etrans/demo/assets/flags/1x1/bh.svg]
[codervent.com/etrans/demo/assets/flags/4x3/bi.svg]
[codervent.com/etrans/demo/assets/flags/1x1/bi.svg]
[codervent.com/etrans/demo/assets/flags/4x3/bj.svg]
[codervent.com/etrans/demo/assets/flags/1x1/bj.svg]
[codervent.com/etrans/demo/assets/flags/4x3/bl.svg]
[codervent.com/etrans/demo/assets/flags/1x1/bl.svg]
[codervent.com/etrans/demo/assets/flags/4x3/bm.svg]
[codervent.com/etrans/demo/assets/flags/1x1/bm.svg]
[codervent.com/etrans/demo/assets/flags/4x3/bn.svg]
[codervent.com/etrans/demo/assets/flags/1x1/bn.svg]
[codervent.com/etrans/demo/assets/flags/4x3/bo.svg]
[codervent.com/etrans/demo/assets/flags/1x1/bo.svg]
[codervent.com/etrans/demo/assets/flags/4x3/bq.svg]
[codervent.com/etrans/demo/assets/flags/1x1/bq.svg]
[codervent.com/etrans/demo/assets/flags/4x3/br.svg]
[codervent.com/etrans/demo/assets/flags/1x1/br.svg]
[codervent.com/etrans/demo/assets/flags/4x3/bs.svg]
[codervent.com/etrans/demo/assets/flags/1x1/bs.svg]
[codervent.com/etrans/demo/assets/flags/4x3/bt.svg]
[codervent.com/etrans/demo/assets/flags/1x1/bt.svg]
[codervent.com/etrans/demo/assets/flags/4x3/bv.svg]
[codervent.com/etrans/demo/assets/flags/1x1/bv.svg]
[codervent.com/etrans/demo/assets/flags/4x3/bw.svg]
[codervent.com/etrans/demo/assets/flags/1x1/bw.svg]
[codervent.com/etrans/demo/assets/flags/4x3/by.svg]
[codervent.com/etrans/demo/assets/flags/1x1/by.svg]
[codervent.com/etrans/demo/assets/flags/4x3/bz.svg]
[codervent.com/etrans/demo/assets/flags/1x1/bz.svg]
[codervent.com/etrans/demo/assets/flags/4x3/ca.svg]
[codervent.com/etrans/demo/assets/flags/1x1/ca.svg]
[codervent.com/etrans/demo/assets/flags/4x3/cc.svg]
[codervent.com/etrans/demo/assets/flags/1x1/cc.svg]
[codervent.com/etrans/demo/assets/flags/4x3/cd.svg]
[codervent.com/etrans/demo/assets/flags/1x1/cd.svg]
[codervent.com/etrans/demo/assets/flags/4x3/cf.svg]
[codervent.com/etrans/demo/assets/flags/1x1/cf.svg]
[codervent.com/etrans/demo/assets/flags/4x3/cg.svg]
[codervent.com/etrans/demo/assets/flags/1x1/cg.svg]
[codervent.com/etrans/demo/assets/flags/4x3/ch.svg]
[codervent.com/etrans/demo/assets/flags/1x1/ch.svg]
[codervent.com/etrans/demo/assets/flags/4x3/ci.svg]
[codervent.com/etrans/demo/assets/flags/1x1/ci.svg]
[codervent.com/etrans/demo/assets/flags/4x3/ck.svg]
[codervent.com/etrans/demo/assets/flags/1x1/ck.svg]
[codervent.com/etrans/demo/assets/flags/4x3/cl.svg]
[codervent.com/etrans/demo/assets/flags/1x1/cl.svg]
[codervent.com/etrans/demo/assets/flags/4x3/cm.svg]
[codervent.com/etrans/demo/assets/flags/1x1/cm.svg]
[codervent.com/etrans/demo/assets/flags/4x3/cn.svg]
[codervent.com/etrans/demo/assets/flags/1x1/cn.svg]
[codervent.com/etrans/demo/assets/flags/4x3/co.svg]
[codervent.com/etrans/demo/assets/flags/1x1/co.svg]
[codervent.com/etrans/demo/assets/flags/4x3/cr.svg]
[codervent.com/etrans/demo/assets/flags/1x1/cr.svg]
[codervent.com/etrans/demo/assets/flags/4x3/cu.svg]
[codervent.com/etrans/demo/assets/flags/1x1/cu.svg]
[codervent.com/etrans/demo/assets/flags/4x3/cv.svg]
[codervent.com/etrans/demo/assets/flags/1x1/cv.svg]
[codervent.com/etrans/demo/assets/flags/4x3/cw.svg]
[codervent.com/etrans/demo/assets/flags/1x1/cw.svg]
[codervent.com/etrans/demo/assets/flags/4x3/cx.svg]
[codervent.com/etrans/demo/assets/flags/1x1/cx.svg]
[codervent.com/etrans/demo/assets/flags/4x3/cy.svg]
[codervent.com/etrans/demo/assets/flags/1x1/cy.svg]
[codervent.com/etrans/demo/assets/flags/4x3/cz.svg]
[codervent.com/etrans/demo/assets/flags/1x1/cz.svg]
[codervent.com/etrans/demo/assets/flags/4x3/de.svg]
[codervent.com/etrans/demo/assets/flags/1x1/de.svg]
[codervent.com/etrans/demo/assets/flags/4x3/dj.svg]
[codervent.com/etrans/demo/assets/flags/1x1/dj.svg]
[codervent.com/etrans/demo/assets/flags/4x3/dk.svg]
[codervent.com/etrans/demo/assets/flags/1x1/dk.svg]
[codervent.com/etrans/demo/assets/flags/4x3/dm.svg]
[codervent.com/etrans/demo/assets/flags/1x1/dm.svg]
[codervent.com/etrans/demo/assets/flags/4x3/do.svg]
[codervent.com/etrans/demo/assets/flags/1x1/do.svg]
[codervent.com/etrans/demo/assets/flags/4x3/dz.svg]
[codervent.com/etrans/demo/assets/flags/1x1/dz.svg]
[codervent.com/etrans/demo/assets/flags/4x3/ec.svg]
[codervent.com/etrans/demo/assets/flags/1x1/ec.svg]
[codervent.com/etrans/demo/assets/flags/4x3/ee.svg]
[codervent.com/etrans/demo/assets/flags/1x1/ee.svg]
[codervent.com/etrans/demo/assets/flags/4x3/eg.svg]
[codervent.com/etrans/demo/assets/flags/1x1/eg.svg]
[codervent.com/etrans/demo/assets/flags/4x3/eh.svg]
[codervent.com/etrans/demo/assets/flags/1x1/eh.svg]
[codervent.com/etrans/demo/assets/flags/4x3/er.svg]
[codervent.com/etrans/demo/assets/flags/1x1/er.svg]
[codervent.com/etrans/demo/assets/flags/4x3/es.svg]
[codervent.com/etrans/demo/assets/flags/1x1/es.svg]
[codervent.com/etrans/demo/assets/flags/4x3/et.svg]
[codervent.com/etrans/demo/assets/flags/1x1/et.svg]
[codervent.com/etrans/demo/assets/flags/4x3/fi.svg]
[codervent.com/etrans/demo/assets/flags/1x1/fi.svg]
[codervent.com/etrans/demo/assets/flags/4x3/fj.svg]
[codervent.com/etrans/demo/assets/flags/1x1/fj.svg]
[codervent.com/etrans/demo/assets/flags/4x3/fk.svg]
[codervent.com/etrans/demo/assets/flags/1x1/fk.svg]
[codervent.com/etrans/demo/assets/flags/4x3/fm.svg]
[codervent.com/etrans/demo/assets/flags/1x1/fm.svg]
[codervent.com/etrans/demo/assets/flags/4x3/fo.svg]
[codervent.com/etrans/demo/assets/flags/1x1/fo.svg]
[codervent.com/etrans/demo/assets/flags/4x3/fr.svg]
[codervent.com/etrans/demo/assets/flags/1x1/fr.svg]
[codervent.com/etrans/demo/assets/flags/4x3/ga.svg]
[codervent.com/etrans/demo/assets/flags/1x1/ga.svg]
[codervent.com/etrans/demo/assets/flags/4x3/gb.svg]
[codervent.com/etrans/demo/assets/flags/1x1/gb.svg]
[codervent.com/etrans/demo/assets/flags/4x3/gd.svg]
[codervent.com/etrans/demo/assets/flags/1x1/gd.svg]
[codervent.com/etrans/demo/assets/flags/4x3/ge.svg]
[codervent.com/etrans/demo/assets/flags/1x1/ge.svg]
[codervent.com/etrans/demo/assets/flags/4x3/gf.svg]
[codervent.com/etrans/demo/assets/flags/1x1/gf.svg]
[codervent.com/etrans/demo/assets/flags/4x3/gg.svg]
[codervent.com/etrans/demo/assets/flags/1x1/gg.svg]
[codervent.com/etrans/demo/assets/flags/4x3/gh.svg]
[codervent.com/etrans/demo/assets/flags/1x1/gh.svg]
[codervent.com/etrans/demo/assets/flags/4x3/gi.svg]
[codervent.com/etrans/demo/assets/flags/1x1/gi.svg]
[codervent.com/etrans/demo/assets/flags/4x3/gl.svg]
[codervent.com/etrans/demo/assets/flags/1x1/gl.svg]
[codervent.com/etrans/demo/assets/flags/4x3/gm.svg]
[codervent.com/etrans/demo/assets/flags/1x1/gm.svg]
[codervent.com/etrans/demo/assets/flags/4x3/gn.svg]
[codervent.com/etrans/demo/assets/flags/1x1/gn.svg]
[codervent.com/etrans/demo/assets/flags/4x3/gp.svg]
[codervent.com/etrans/demo/assets/flags/1x1/gp.svg]
[codervent.com/etrans/demo/assets/flags/4x3/gq.svg]
[codervent.com/etrans/demo/assets/flags/1x1/gq.svg]
[codervent.com/etrans/demo/assets/flags/4x3/gr.svg]
[codervent.com/etrans/demo/assets/flags/1x1/gr.svg]
[codervent.com/etrans/demo/assets/flags/4x3/gs.svg]
[codervent.com/etrans/demo/assets/flags/1x1/gs.svg]
[codervent.com/etrans/demo/assets/flags/4x3/gt.svg]
[codervent.com/etrans/demo/assets/flags/1x1/gt.svg]
[codervent.com/etrans/demo/assets/flags/4x3/gu.svg]
[codervent.com/etrans/demo/assets/flags/1x1/gu.svg]
[codervent.com/etrans/demo/assets/flags/4x3/gw.svg]
[codervent.com/etrans/demo/assets/flags/1x1/gw.svg]
[codervent.com/etrans/demo/assets/flags/4x3/gy.svg]
[codervent.com/etrans/demo/assets/flags/1x1/gy.svg]
[codervent.com/etrans/demo/assets/flags/4x3/hk.svg]
[codervent.com/etrans/demo/assets/flags/1x1/hk.svg]
[codervent.com/etrans/demo/assets/flags/4x3/hm.svg]
[codervent.com/etrans/demo/assets/flags/1x1/hm.svg]
[codervent.com/etrans/demo/assets/flags/4x3/hn.svg]
[codervent.com/etrans/demo/assets/flags/1x1/hn.svg]
[codervent.com/etrans/demo/assets/flags/4x3/hr.svg]
[codervent.com/etrans/demo/assets/flags/1x1/hr.svg]
[codervent.com/etrans/demo/assets/flags/4x3/ht.svg]
[codervent.com/etrans/demo/assets/flags/1x1/ht.svg]
[codervent.com/etrans/demo/assets/flags/4x3/hu.svg]
[codervent.com/etrans/demo/assets/flags/1x1/hu.svg]
[codervent.com/etrans/demo/assets/flags/4x3/id.svg]
[codervent.com/etrans/demo/assets/flags/1x1/id.svg]
[codervent.com/etrans/demo/assets/flags/4x3/ie.svg]
[codervent.com/etrans/demo/assets/flags/1x1/ie.svg]
[codervent.com/etrans/demo/assets/flags/4x3/il.svg]
[codervent.com/etrans/demo/assets/flags/1x1/il.svg]
[codervent.com/etrans/demo/assets/flags/4x3/im.svg]
[codervent.com/etrans/demo/assets/flags/1x1/im.svg]
[codervent.com/etrans/demo/assets/flags/4x3/in.svg]
[codervent.com/etrans/demo/assets/flags/1x1/in.svg]
[codervent.com/etrans/demo/assets/flags/4x3/io.svg]
[codervent.com/etrans/demo/assets/flags/1x1/io.svg]
[codervent.com/etrans/demo/assets/flags/4x3/iq.svg]
[codervent.com/etrans/demo/assets/flags/1x1/iq.svg]
[codervent.com/etrans/demo/assets/flags/4x3/ir.svg]
[codervent.com/etrans/demo/assets/flags/1x1/ir.svg]
[codervent.com/etrans/demo/assets/flags/4x3/is.svg]
[codervent.com/etrans/demo/assets/flags/1x1/is.svg]
[codervent.com/etrans/demo/assets/flags/4x3/it.svg]
[codervent.com/etrans/demo/assets/flags/1x1/it.svg]
[codervent.com/etrans/demo/assets/flags/4x3/je.svg]
[codervent.com/etrans/demo/assets/flags/1x1/je.svg]
[codervent.com/etrans/demo/assets/flags/4x3/jm.svg]
[codervent.com/etrans/demo/assets/flags/1x1/jm.svg]
[codervent.com/etrans/demo/assets/flags/4x3/jo.svg]
[codervent.com/etrans/demo/assets/flags/1x1/jo.svg]
[codervent.com/etrans/demo/assets/flags/4x3/jp.svg]
[codervent.com/etrans/demo/assets/flags/1x1/jp.svg]
[codervent.com/etrans/demo/assets/flags/4x3/ke.svg]
[codervent.com/etrans/demo/assets/flags/1x1/ke.svg]
[codervent.com/etrans/demo/assets/flags/4x3/kg.svg]
[codervent.com/etrans/demo/assets/flags/1x1/kg.svg]
[codervent.com/etrans/demo/assets/flags/4x3/kh.svg]
[codervent.com/etrans/demo/assets/flags/1x1/kh.svg]
[codervent.com/etrans/demo/assets/flags/4x3/ki.svg]
[codervent.com/etrans/demo/assets/flags/1x1/ki.svg]
[codervent.com/etrans/demo/assets/flags/4x3/km.svg]
[codervent.com/etrans/demo/assets/flags/1x1/km.svg]
[codervent.com/etrans/demo/assets/flags/4x3/kn.svg]
[codervent.com/etrans/demo/assets/flags/1x1/kn.svg]
[codervent.com/etrans/demo/assets/flags/4x3/kp.svg]
[codervent.com/etrans/demo/assets/flags/1x1/kp.svg]
[codervent.com/etrans/demo/assets/flags/4x3/kr.svg]
[codervent.com/etrans/demo/assets/flags/1x1/kr.svg]
[codervent.com/etrans/demo/assets/flags/4x3/kw.svg]
[codervent.com/etrans/demo/assets/flags/1x1/kw.svg]
[codervent.com/etrans/demo/assets/flags/4x3/ky.svg]
[codervent.com/etrans/demo/assets/flags/1x1/ky.svg]
[codervent.com/etrans/demo/assets/flags/4x3/kz.svg]
[codervent.com/etrans/demo/assets/flags/1x1/kz.svg]
[codervent.com/etrans/demo/assets/flags/4x3/la.svg]
[codervent.com/etrans/demo/assets/flags/1x1/la.svg]
[codervent.com/etrans/demo/assets/flags/4x3/lb.svg]
[codervent.com/etrans/demo/assets/flags/1x1/lb.svg]
[codervent.com/etrans/demo/assets/flags/4x3/lc.svg]
[codervent.com/etrans/demo/assets/flags/1x1/lc.svg]
[codervent.com/etrans/demo/assets/flags/4x3/li.svg]
[codervent.com/etrans/demo/assets/flags/1x1/li.svg]
[codervent.com/etrans/demo/assets/flags/4x3/lk.svg]
[codervent.com/etrans/demo/assets/flags/1x1/lk.svg]
[codervent.com/etrans/demo/assets/flags/4x3/lr.svg]
[codervent.com/etrans/demo/assets/flags/1x1/lr.svg]
[codervent.com/etrans/demo/assets/flags/4x3/ls.svg]
[codervent.com/etrans/demo/assets/flags/1x1/ls.svg]
[codervent.com/etrans/demo/assets/flags/4x3/lt.svg]
[codervent.com/etrans/demo/assets/flags/1x1/lt.svg]
[codervent.com/etrans/demo/assets/flags/4x3/lu.svg]
[codervent.com/etrans/demo/assets/flags/1x1/lu.svg]
[codervent.com/etrans/demo/assets/flags/4x3/lv.svg]
[codervent.com/etrans/demo/assets/flags/1x1/lv.svg]
[codervent.com/etrans/demo/assets/flags/4x3/ly.svg]
[codervent.com/etrans/demo/assets/flags/1x1/ly.svg]
[codervent.com/etrans/demo/assets/flags/4x3/ma.svg]
[codervent.com/etrans/demo/assets/flags/1x1/ma.svg]
[codervent.com/etrans/demo/assets/flags/4x3/mc.svg]
[codervent.com/etrans/demo/assets/flags/1x1/mc.svg]
[codervent.com/etrans/demo/assets/flags/4x3/md.svg]
[codervent.com/etrans/demo/assets/flags/1x1/md.svg]
[codervent.com/etrans/demo/assets/flags/4x3/me.svg]
[codervent.com/etrans/demo/assets/flags/1x1/me.svg]
[codervent.com/etrans/demo/assets/flags/4x3/mf.svg]
[codervent.com/etrans/demo/assets/flags/1x1/mf.svg]
[codervent.com/etrans/demo/assets/flags/4x3/mg.svg]
[codervent.com/etrans/demo/assets/flags/1x1/mg.svg]
[codervent.com/etrans/demo/assets/flags/4x3/mh.svg]
[codervent.com/etrans/demo/assets/flags/1x1/mh.svg]
[codervent.com/etrans/demo/assets/flags/4x3/mk.svg]
[codervent.com/etrans/demo/assets/flags/1x1/mk.svg]
[codervent.com/etrans/demo/assets/flags/4x3/ml.svg]
[codervent.com/etrans/demo/assets/flags/1x1/ml.svg]
[codervent.com/etrans/demo/assets/flags/4x3/mm.svg]
[codervent.com/etrans/demo/assets/flags/1x1/mm.svg]
[codervent.com/etrans/demo/assets/flags/4x3/mn.svg]
[codervent.com/etrans/demo/assets/flags/1x1/mn.svg]
[codervent.com/etrans/demo/assets/flags/4x3/mo.svg]
[codervent.com/etrans/demo/assets/flags/1x1/mo.svg]
[codervent.com/etrans/demo/assets/flags/4x3/mp.svg]
[codervent.com/etrans/demo/assets/flags/1x1/mp.svg]
[codervent.com/etrans/demo/assets/flags/4x3/mq.svg]
[codervent.com/etrans/demo/assets/flags/1x1/mq.svg]
[codervent.com/etrans/demo/assets/flags/4x3/mr.svg]
[codervent.com/etrans/demo/assets/flags/1x1/mr.svg]
[codervent.com/etrans/demo/assets/flags/4x3/ms.svg]
[codervent.com/etrans/demo/assets/flags/1x1/ms.svg]
[codervent.com/etrans/demo/assets/flags/4x3/mt.svg]
[codervent.com/etrans/demo/assets/flags/1x1/mt.svg]
[codervent.com/etrans/demo/assets/flags/4x3/mu.svg]
[codervent.com/etrans/demo/assets/flags/1x1/mu.svg]
[codervent.com/etrans/demo/assets/flags/4x3/mv.svg]
[codervent.com/etrans/demo/assets/flags/1x1/mv.svg]
[codervent.com/etrans/demo/assets/flags/4x3/mw.svg]
[codervent.com/etrans/demo/assets/flags/1x1/mw.svg]
[codervent.com/etrans/demo/assets/flags/4x3/mx.svg]
[codervent.com/etrans/demo/assets/flags/1x1/mx.svg]
[codervent.com/etrans/demo/assets/flags/4x3/my.svg]
[codervent.com/etrans/demo/assets/flags/1x1/my.svg]
[codervent.com/etrans/demo/assets/flags/4x3/mz.svg]
[codervent.com/etrans/demo/assets/flags/1x1/mz.svg]
[codervent.com/etrans/demo/assets/flags/4x3/na.svg]
[codervent.com/etrans/demo/assets/flags/1x1/na.svg]
[codervent.com/etrans/demo/assets/flags/4x3/nc.svg]
[codervent.com/etrans/demo/assets/flags/1x1/nc.svg]
[codervent.com/etrans/demo/assets/flags/4x3/ne.svg]
[codervent.com/etrans/demo/assets/flags/1x1/ne.svg]
[codervent.com/etrans/demo/assets/flags/4x3/nf.svg]
[codervent.com/etrans/demo/assets/flags/1x1/nf.svg]
[codervent.com/etrans/demo/assets/flags/4x3/ng.svg]
[codervent.com/etrans/demo/assets/flags/1x1/ng.svg]
[codervent.com/etrans/demo/assets/flags/4x3/ni.svg]
[codervent.com/etrans/demo/assets/flags/1x1/ni.svg]
[codervent.com/etrans/demo/assets/flags/4x3/nl.svg]
[codervent.com/etrans/demo/assets/flags/1x1/nl.svg]
[codervent.com/etrans/demo/assets/flags/4x3/no.svg]
[codervent.com/etrans/demo/assets/flags/1x1/no.svg]
[codervent.com/etrans/demo/assets/flags/4x3/np.svg]
[codervent.com/etrans/demo/assets/flags/1x1/np.svg]
[codervent.com/etrans/demo/assets/flags/4x3/nr.svg]
[codervent.com/etrans/demo/assets/flags/1x1/nr.svg]
[codervent.com/etrans/demo/assets/flags/4x3/nu.svg]
[codervent.com/etrans/demo/assets/flags/1x1/nu.svg]
[codervent.com/etrans/demo/assets/flags/4x3/nz.svg]
[codervent.com/etrans/demo/assets/flags/1x1/nz.svg]
[codervent.com/etrans/demo/assets/flags/4x3/om.svg]
[codervent.com/etrans/demo/assets/flags/1x1/om.svg]
[codervent.com/etrans/demo/assets/flags/4x3/pa.svg]
[codervent.com/etrans/demo/assets/flags/1x1/pa.svg]
[codervent.com/etrans/demo/assets/flags/4x3/pe.svg]
[codervent.com/etrans/demo/assets/flags/1x1/pe.svg]
[codervent.com/etrans/demo/assets/flags/4x3/pf.svg]
[codervent.com/etrans/demo/assets/flags/1x1/pf.svg]
[codervent.com/etrans/demo/assets/flags/4x3/pg.svg]
[codervent.com/etrans/demo/assets/flags/1x1/pg.svg]
[codervent.com/etrans/demo/assets/flags/4x3/ph.svg]
[codervent.com/etrans/demo/assets/flags/1x1/ph.svg]
[codervent.com/etrans/demo/assets/flags/4x3/pk.svg]
[codervent.com/etrans/demo/assets/flags/1x1/pk.svg]
[codervent.com/etrans/demo/assets/flags/4x3/pl.svg]
[codervent.com/etrans/demo/assets/flags/1x1/pl.svg]
[codervent.com/etrans/demo/assets/flags/4x3/pm.svg]
[codervent.com/etrans/demo/assets/flags/1x1/pm.svg]
[codervent.com/etrans/demo/assets/flags/4x3/pn.svg]
[codervent.com/etrans/demo/assets/flags/1x1/pn.svg]
[codervent.com/etrans/demo/assets/flags/4x3/pr.svg]
[codervent.com/etrans/demo/assets/flags/1x1/pr.svg]
[codervent.com/etrans/demo/assets/flags/4x3/ps.svg]
[codervent.com/etrans/demo/assets/flags/1x1/ps.svg]
[codervent.com/etrans/demo/assets/flags/4x3/pt.svg]
[codervent.com/etrans/demo/assets/flags/1x1/pt.svg]
[codervent.com/etrans/demo/assets/flags/4x3/pw.svg]
[codervent.com/etrans/demo/assets/flags/1x1/pw.svg]
[codervent.com/etrans/demo/assets/flags/4x3/py.svg]
[codervent.com/etrans/demo/assets/flags/1x1/py.svg]
[codervent.com/etrans/demo/assets/flags/4x3/qa.svg]
[codervent.com/etrans/demo/assets/flags/1x1/qa.svg]
[codervent.com/etrans/demo/assets/flags/4x3/re.svg]
[codervent.com/etrans/demo/assets/flags/1x1/re.svg]
[codervent.com/etrans/demo/assets/flags/4x3/ro.svg]
[codervent.com/etrans/demo/assets/flags/1x1/ro.svg]
[codervent.com/etrans/demo/assets/flags/4x3/rs.svg]
[codervent.com/etrans/demo/assets/flags/1x1/rs.svg]
[codervent.com/etrans/demo/assets/flags/4x3/ru.svg]
[codervent.com/etrans/demo/assets/flags/1x1/ru.svg]
[codervent.com/etrans/demo/assets/flags/4x3/rw.svg]
[codervent.com/etrans/demo/assets/flags/1x1/rw.svg]
[codervent.com/etrans/demo/assets/flags/4x3/sa.svg]
[codervent.com/etrans/demo/assets/flags/1x1/sa.svg]
[codervent.com/etrans/demo/assets/flags/4x3/sb.svg]
[codervent.com/etrans/demo/assets/flags/1x1/sb.svg]
[codervent.com/etrans/demo/assets/flags/4x3/sc.svg]
[codervent.com/etrans/demo/assets/flags/1x1/sc.svg]
[codervent.com/etrans/demo/assets/flags/4x3/sd.svg]
[codervent.com/etrans/demo/assets/flags/1x1/sd.svg]
[codervent.com/etrans/demo/assets/flags/4x3/se.svg]
[codervent.com/etrans/demo/assets/flags/1x1/se.svg]
[codervent.com/etrans/demo/assets/flags/4x3/sg.svg]
[codervent.com/etrans/demo/assets/flags/1x1/sg.svg]
[codervent.com/etrans/demo/assets/flags/4x3/sh.svg]
[codervent.com/etrans/demo/assets/flags/1x1/sh.svg]
[codervent.com/etrans/demo/assets/flags/4x3/si.svg]
[codervent.com/etrans/demo/assets/flags/1x1/si.svg]
[codervent.com/etrans/demo/assets/flags/4x3/sj.svg]
[codervent.com/etrans/demo/assets/flags/1x1/sj.svg]
[codervent.com/etrans/demo/assets/flags/4x3/sk.svg]
[codervent.com/etrans/demo/assets/flags/1x1/sk.svg]
[codervent.com/etrans/demo/assets/flags/4x3/sl.svg]
[codervent.com/etrans/demo/assets/flags/1x1/sl.svg]
[codervent.com/etrans/demo/assets/flags/4x3/sm.svg]
[codervent.com/etrans/demo/assets/flags/1x1/sm.svg]
[codervent.com/etrans/demo/assets/flags/4x3/sn.svg]
[codervent.com/etrans/demo/assets/flags/1x1/sn.svg]
[codervent.com/etrans/demo/assets/flags/4x3/so.svg]
[codervent.com/etrans/demo/assets/flags/1x1/so.svg]
[codervent.com/etrans/demo/assets/flags/4x3/sr.svg]
[codervent.com/etrans/demo/assets/flags/1x1/sr.svg]
[codervent.com/etrans/demo/assets/flags/4x3/ss.svg]
[codervent.com/etrans/demo/assets/flags/1x1/ss.svg]
[codervent.com/etrans/demo/assets/flags/4x3/st.svg]
[codervent.com/etrans/demo/assets/flags/1x1/st.svg]
[codervent.com/etrans/demo/assets/flags/4x3/sv.svg]
[codervent.com/etrans/demo/assets/flags/1x1/sv.svg]
[codervent.com/etrans/demo/assets/flags/4x3/sx.svg]
[codervent.com/etrans/demo/assets/flags/1x1/sx.svg]
[codervent.com/etrans/demo/assets/flags/4x3/sy.svg]
[codervent.com/etrans/demo/assets/flags/1x1/sy.svg]
[codervent.com/etrans/demo/assets/flags/4x3/sz.svg]
[codervent.com/etrans/demo/assets/flags/1x1/sz.svg]
[codervent.com/etrans/demo/assets/flags/4x3/tc.svg]
[codervent.com/etrans/demo/assets/flags/1x1/tc.svg]
[codervent.com/etrans/demo/assets/flags/4x3/td.svg]
[codervent.com/etrans/demo/assets/flags/1x1/td.svg]
[codervent.com/etrans/demo/assets/flags/4x3/tf.svg]
[codervent.com/etrans/demo/assets/flags/1x1/tf.svg]
[codervent.com/etrans/demo/assets/flags/4x3/tg.svg]
[codervent.com/etrans/demo/assets/flags/1x1/tg.svg]
[codervent.com/etrans/demo/assets/flags/4x3/th.svg]
[codervent.com/etrans/demo/assets/flags/1x1/th.svg]
[codervent.com/etrans/demo/assets/flags/4x3/tj.svg]
[codervent.com/etrans/demo/assets/flags/1x1/tj.svg]
[codervent.com/etrans/demo/assets/flags/4x3/tk.svg]
[codervent.com/etrans/demo/assets/flags/1x1/tk.svg]
[codervent.com/etrans/demo/assets/flags/4x3/tl.svg]
[codervent.com/etrans/demo/assets/flags/1x1/tl.svg]
[codervent.com/etrans/demo/assets/flags/4x3/tm.svg]
[codervent.com/etrans/demo/assets/flags/1x1/tm.svg]
[codervent.com/etrans/demo/assets/flags/4x3/tn.svg]
[codervent.com/etrans/demo/assets/flags/1x1/tn.svg]
[codervent.com/etrans/demo/assets/flags/4x3/to.svg]
[codervent.com/etrans/demo/assets/flags/1x1/to.svg]
[codervent.com/etrans/demo/assets/flags/4x3/tr.svg]
[codervent.com/etrans/demo/assets/flags/1x1/tr.svg]
[codervent.com/etrans/demo/assets/flags/4x3/tt.svg]
[codervent.com/etrans/demo/assets/flags/1x1/tt.svg]
[codervent.com/etrans/demo/assets/flags/4x3/tv.svg]
[codervent.com/etrans/demo/assets/flags/1x1/tv.svg]
[codervent.com/etrans/demo/assets/flags/4x3/tw.svg]
[codervent.com/etrans/demo/assets/flags/1x1/tw.svg]
[codervent.com/etrans/demo/assets/flags/4x3/tz.svg]
[codervent.com/etrans/demo/assets/flags/1x1/tz.svg]
[codervent.com/etrans/demo/assets/flags/4x3/ua.svg]
[codervent.com/etrans/demo/assets/flags/1x1/ua.svg]
[codervent.com/etrans/demo/assets/flags/4x3/ug.svg]
[codervent.com/etrans/demo/assets/flags/1x1/ug.svg]
[codervent.com/etrans/demo/assets/flags/4x3/um.svg]
[codervent.com/etrans/demo/assets/flags/1x1/um.svg]
[codervent.com/etrans/demo/assets/flags/4x3/us.svg]
[codervent.com/etrans/demo/assets/flags/1x1/us.svg]
[codervent.com/etrans/demo/assets/flags/4x3/uy.svg]
[codervent.com/etrans/demo/assets/flags/1x1/uy.svg]
[codervent.com/etrans/demo/assets/flags/4x3/uz.svg]
[codervent.com/etrans/demo/assets/flags/1x1/uz.svg]
[codervent.com/etrans/demo/assets/flags/4x3/va.svg]
[codervent.com/etrans/demo/assets/flags/1x1/va.svg]
[codervent.com/etrans/demo/assets/flags/4x3/vc.svg]
[codervent.com/etrans/demo/assets/flags/1x1/vc.svg]
[codervent.com/etrans/demo/assets/flags/4x3/ve.svg]
[codervent.com/etrans/demo/assets/flags/1x1/ve.svg]
[codervent.com/etrans/demo/assets/flags/4x3/vg.svg]
[codervent.com/etrans/demo/assets/flags/1x1/vg.svg]
[codervent.com/etrans/demo/assets/flags/4x3/vi.svg]
[codervent.com/etrans/demo/assets/flags/1x1/vi.svg]
[codervent.com/etrans/demo/assets/flags/4x3/vn.svg]
[codervent.com/etrans/demo/assets/flags/1x1/vn.svg]
[codervent.com/etrans/demo/assets/flags/4x3/vu.svg]
[codervent.com/etrans/demo/assets/flags/1x1/vu.svg]
[codervent.com/etrans/demo/assets/flags/4x3/wf.svg]
[codervent.com/etrans/demo/assets/flags/1x1/wf.svg]
[codervent.com/etrans/demo/assets/flags/4x3/ws.svg]
[codervent.com/etrans/demo/assets/flags/1x1/ws.svg]
[codervent.com/etrans/demo/assets/flags/4x3/ye.svg]
[codervent.com/etrans/demo/assets/flags/1x1/ye.svg]
[codervent.com/etrans/demo/assets/flags/4x3/yt.svg]
[codervent.com/etrans/demo/assets/flags/1x1/yt.svg]
[codervent.com/etrans/demo/assets/flags/4x3/za.svg]
[codervent.com/etrans/demo/assets/flags/1x1/za.svg]
[codervent.com/etrans/demo/assets/flags/4x3/zm.svg]
[codervent.com/etrans/demo/assets/flags/1x1/zm.svg]
[codervent.com/etrans/demo/assets/flags/4x3/zw.svg]
[codervent.com/etrans/demo/assets/flags/1x1/zw.svg]
[codervent.com/etrans/demo/assets/flags/4x3/es-ct.svg]
[codervent.com/etrans/demo/assets/flags/1x1/es-ct.svg]
[codervent.com/etrans/demo/assets/flags/4x3/eu.svg]
[codervent.com/etrans/demo/assets/flags/1x1/eu.svg]
[codervent.com/etrans/demo/assets/flags/4x3/gb-eng.svg]
[codervent.com/etrans/demo/assets/flags/1x1/gb-eng.svg]
[codervent.com/etrans/demo/assets/flags/4x3/gb-nir.svg]
[codervent.com/etrans/demo/assets/flags/1x1/gb-nir.svg]
[codervent.com/etrans/demo/assets/flags/4x3/gb-sct.svg]
[codervent.com/etrans/demo/assets/flags/1x1/gb-sct.svg]
[codervent.com/etrans/demo/assets/flags/4x3/gb-wls.svg]
[codervent.com/etrans/demo/assets/flags/1x1/gb-wls.svg]
[codervent.com/etrans/demo/assets/flags/4x3/un.svg]
[codervent.com/etrans/demo/assets/flags/1x1/un.svg]
[codervent.com/etrans/demo/assets/plugins/nouislider/nouislider.min.css]
[codervent.com/etrans/demo/single.html]
[codervent.com/etrans/demo/account-addresses.html]
[codervent.com/etrans/demo/assets/images/icons/search.svg]
